{'name': 'James Wiseman'}
{'name': 'James Ennis III'}
{'name': 'James Harden'}
{'name': 'James Bouknight'}
{'name': 'James Johnson'}
{'name': 'LeBron James'}