{'name': 'James Harden', 'team': 'Houston Rockets', 'PTS': 36.1, 'year': 2019}
{'name': 'James Harden', 'team': 'Houston Rockets', 'PTS': 34.3, 'year': 2020}
{'name': 'Joel Embiid', 'team': 'Philadelphia 76ers', 'PTS': 33.1, 'year': 2023}